[sudoariel.github.io/index.html]
[backblue.gif]
[fade.gif]
[index.html]
[sudoariel.github.io/js/script.js]
[sudoariel.github.io/js/media-selection.js]
[sudoariel.github.io/js/console.js]
[sudoariel.github.io/js/projects/projects.js]
[sudoariel.github.io/js/projects/projects-cards-updater.js]
[sudoariel.github.io/js/projects/languages-field.js]
[sudoariel.github.io/styles/styles.css]
[sudoariel.github.io/styles/cards.css]
[sudoariel.github.io/styles/timeline.css]
[sudoariel.github.io/styles/navbar.css]
[sudoariel.github.io/styles/console.css]
[sudoariel.github.io/styles/projects.css]
[external.html]
[sudoariel.github.io/assets/favicon.ico]
[sudoariel.github.io/assets/profile_picture_adjusted.png]
[sudoariel.github.io/assets/medias/linkedin.png]
[sudoariel.github.io/assets/medias/github.png]
[sudoariel.github.io/assets/medias/facebook.png]
[sudoariel.github.io/assets/medias/instagram.png]
[sudoariel.github.io/attachments/CV.pdf]
[sudoariel.github.io/assets/console.png]
[sudoariel.github.io/assets/cards/android3.png]
[sudoariel.github.io/assets/cards/android2.png]
[sudoariel.github.io/assets/cards/python.png]
[sudoariel.github.io/assets/cards/cpp.png]
[sudoariel.github.io/assets/cards/c-sharp.png]
[sudoariel.github.io/assets/timeline/volvo.png]
[sudoariel.github.io/assets/timeline/ford.jpg]
[sudoariel.github.io/assets/timeline/zoom.jpg]
[sudoariel.github.io/assets/timeline/senai.png]
[sudoariel.github.io/assets/timeline/ufba.png]
[sudoariel.github.io/assets/timeline/senai_cimatec.jpg]
[sudoariel.github.io/index.html]
[sudoariel.github.io/styles/styles.css]
[sudoariel.github.io/styles/cards.css]
[sudoariel.github.io/styles/timeline.css]
[sudoariel.github.io/styles/navbar.css]
[sudoariel.github.io/styles/console.css]
[sudoariel.github.io/styles/projects.css]
